[backblue.gif]
[fade.gif]
[index.html]
[tansik.digital.gov.eg/application/Images/logo.png]
[tansik.digital.gov.eg/application/Images/HigherEducation.png]
[tansik.digital.gov.eg/application/images/favbwaba.ico]
[tansik.digital.gov.eg/application/Images/Style.css]
[tansik.digital.gov.eg/application/style.css]
[tansik.digital.gov.eg/application/Theme/img_bullet.gif]
[tansik.digital.gov.eg/application/index.html]
[tansik.digital.gov.eg/application/favicon.html]
[tansik.digital.gov.eg/application/Images/Style.css]
[tansik.digital.gov.eg/application/images/backgroundAr.jpg]
[tansik.digital.gov.eg/application/images/gray.jpg]
[tansik.digital.gov.eg/application/images/hovrmenu.png]
[tansik.digital.gov.eg/application/style.css]
[tansik.digital.gov.eg/application/theme/img_bullet-2.gif]
[tansik.digital.gov.eg/application/introduction.html]
[tansik.digital.gov.eg/application/userguide.html]
[tansik.digital.gov.eg/application/Certificates/Thanwy/images/favbwaba.ico]
[tansik.digital.gov.eg/application/Certificates/Thanwy/Images/Style.css]
[tansik.digital.gov.eg/application/Certificates/Thanwy/style.css]
[tansik.digital.gov.eg/application/Certificates/Thanwy/images/img_bullet.gif]
[tansik.digital.gov.eg/application/Certificates/Thanwy/Dalel/Page34.pdf]
[tansik.digital.gov.eg/application/Certificates/Thanwy/Limits/LimitE2024.html]
[tansik.digital.gov.eg/application/Certificates/Thanwy/Limits/LimitA2024.html]
[tansik.digital.gov.eg/application/Certificates/Thanwy/first/FirstES2024.html]
[tansik.digital.gov.eg/application/Certificates/Thanwy/Dalel/DalelSCU.pdf]
[tansik.digital.gov.eg/application/Certificates/Thanwy/Limits/LimitE2023.html]
[tansik.digital.gov.eg/application/Certificates/Thanwy/defaultThanwy.html]
[tansik.digital.gov.eg/application/Certificates/Azhar/images/favbwaba.ico]
[tansik.digital.gov.eg/application/Certificates/Azhar/Images/Style.css]
[tansik.digital.gov.eg/application/Certificates/Azhar/style.css]
[tansik.digital.gov.eg/application/Certificates/Azhar/Theme/img_bullet.gif]
[tansik.digital.gov.eg/application/Certificates/Azhar/Limits/LimitAB2022.pdf]
[tansik.digital.gov.eg/application/Certificates/Azhar/Limits/LimitEB2022.pdf]
[tansik.digital.gov.eg/application/Certificates/Azhar/Limits/limitIslamic2022.pdf]
[tansik.digital.gov.eg/application/Certificates/Azhar/Limits/LimitAG2022.pdf]
[tansik.digital.gov.eg/application/Certificates/Azhar/Limits/LimitEG2022.pdf]
[tansik.digital.gov.eg/application/Certificates/Azhar/Limits/LimitAB2021.pdf]
[tansik.digital.gov.eg/application/Certificates/Azhar/Limits/LimitEB2021.pdf]
[tansik.digital.gov.eg/application/Certificates/Azhar/Limits/limitIslamic2021.pdf]
[tansik.digital.gov.eg/application/Certificates/Azhar/Limits/LimitAG2021.pdf]
[tansik.digital.gov.eg/application/Certificates/Azhar/Limits/LimitEG2021.pdf]
[tansik.digital.gov.eg/application/Certificates/Azhar/Limits/LimitAB2020.pdf]
[tansik.digital.gov.eg/application/Certificates/Azhar/Limits/LimitEB2020.pdf]
[tansik.digital.gov.eg/application/Certificates/Azhar/Limits/limitIslamic2020.pdf]
[tansik.digital.gov.eg/application/Certificates/Azhar/Limits/LimitAG2020.pdf]
[tansik.digital.gov.eg/application/Certificates/Azhar/Limits/LimitEG2020.pdf]
[tansik.digital.gov.eg/application/Certificates/Azhar/Limits/LimitAB2018.pdf]
[tansik.digital.gov.eg/application/Certificates/Azhar/Limits/LimitEB2018.pdf]
[tansik.digital.gov.eg/application/Certificates/Azhar/Limits/LimitE2018.pdf]
[tansik.digital.gov.eg/application/Certificates/Azhar/Limits/LimitAG2018.pdf]
[tansik.digital.gov.eg/application/Certificates/Azhar/Limits/LimitEG2018.pdf]
[tansik.digital.gov.eg/application/Certificates/Azhar/DefaultAzhar.html]
[tansik.digital.gov.eg/application/Certificates/Fani/images/favbwaba.ico]
[tansik.digital.gov.eg/application/Certificates/Fani/Images/Style.css]
[tansik.digital.gov.eg/application/Certificates/Fani/style.css]
[tansik.digital.gov.eg/application/Certificates/Fani/images/img_bullet.gif]
[tansik.digital.gov.eg/application/Certificates/Fani/DefaultFani.html]
[tansik.digital.gov.eg/application/Certificates/Mo3adla/images/favbwaba.ico]
[tansik.digital.gov.eg/application/Certificates/Mo3adla/Images/Style.css]
[tansik.digital.gov.eg/application/Certificates/Mo3adla/style.css]
[tansik.digital.gov.eg/application/Certificates/Mo3adla/Instructions.pdf]
[tansik.digital.gov.eg/application/Certificates/Mo3adla/images/img_bullet.gif]
[tansik.digital.gov.eg/application/Certificates/Mo3adla/Dalel/FTansikUserGuide.pdf]
[tansik.digital.gov.eg/application/Certificates/Mo3adla/DefaultFtansik.html]
[tansik.digital.gov.eg/application/Certificates/Stem/images/favbwaba.ico]
[tansik.digital.gov.eg/application/Certificates/Stem/Images/Style.css]
[tansik.digital.gov.eg/application/Certificates/Stem/style.css]
[tansik.digital.gov.eg/application/Certificates/Stem/images/img_bullet.gif]
[tansik.digital.gov.eg/application/Certificates/Stem/defaultStem.html]
[tansik.digital.gov.eg/application/Certificates/Nile/images/favbwaba.ico]
[tansik.digital.gov.eg/application/Certificates/Nile/images/img_bullet.gif]
[tansik.digital.gov.eg/application/Certificates/Nile/defaultNile.html]
[tansik.digital.gov.eg/application/Certificates/TAzhar/images/favbwaba.ico]
[tansik.digital.gov.eg/application/Certificates/TAzhar/images/img_bullet.gif]
[tansik.digital.gov.eg/Application/UniversitiesLabs-2.html]
[tansik.digital.gov.eg/application/Certificates/TAzhar/defaultAThanwy.html]
[tansik.digital.gov.eg/application/UniversitiesLabsstyle.css]
[tansik.digital.gov.eg/application/UniversitiesLabs.html]
[tansik.digital.gov.eg/arabic/images/most_bg.html]
[tansik.digital.gov.eg/arabic/images/gray_header.html]
[tansik.digital.gov.eg/arabic/images/btn_bg.html]
[tansik.digital.gov.eg/arabic/images/menuhoverRed.html]
[tansik.digital.gov.eg/arabic/images/about_bg_hoverRed4.html]
[tansik.digital.gov.eg/arabic/images/gray_header_strip.html]
[tansik.digital.gov.eg/application/images/bg_abouttitl.html]
[tansik.digital.gov.eg/application/engine1/wowslider.html]
[tansik.digital.gov.eg/application/engine1/script.html]
[tansik.digital.gov.eg/application/Certificates/Thanwy/Images/Style.css]
[tansik.digital.gov.eg/application/Certificates/Thanwy/images/backgroundAr.jpg]
[tansik.digital.gov.eg/application/Certificates/Thanwy/images/gray.jpg]
[tansik.digital.gov.eg/application/Certificates/Thanwy/images/hovrmenu.png]
[tansik.digital.gov.eg/application/Certificates/Thanwy/style.css]
[tansik.digital.gov.eg/application/Certificates/Thanwy/images/secret.jpg]
[tansik.digital.gov.eg/application/Certificates/Thanwy/secretnumber.html]
[tansik.digital.gov.eg/application/mainf744.html]
[tansik.digital.gov.eg/application/Certificates/Thanwy/Limits/images/favbwaba.ico]
[tansik.digital.gov.eg/application/Certificates/Thanwy/Limits/style.css]
[tansik.digital.gov.eg/application/Certificates/Thanwy/Limits/Images/Style.css]
[tansik.digital.gov.eg/application/Certificates/Thanwy/Limits/Images/space.gif]
[tansik.digital.gov.eg/application/Certificates/Thanwy/Limits/theme/img_bullet.gif]
[tansik.digital.gov.eg/application/Certificates/Thanwy/Limits/theme/top_bar_bg.gif]
[tansik.digital.gov.eg/application/Certificates/Thanwy/Limits/LimitE2024.html]
[tansik.digital.gov.eg/application/Certificates/Thanwy/Limits/LimitA2024.html]
[tansik.digital.gov.eg/application/Certificates/Thanwy/first/images/favbwaba.ico]
[tansik.digital.gov.eg/application/Certificates/Thanwy/first/style.css]
[tansik.digital.gov.eg/application/Certificates/Thanwy/first/Images/Style.css]
[tansik.digital.gov.eg/application/Certificates/Thanwy/first/images/img_bullet.gif]
[tansik.digital.gov.eg/application/Certificates/Thanwy/first/FirstES2024.html]
[tansik.digital.gov.eg/application/Certificates/Thanwy/first/FirstEM2024.html]
[tansik.digital.gov.eg/application/Certificates/Thanwy/first/FirstA2024.html]
[tansik.digital.gov.eg/application/Certificates/Thanwy/Dalel/images/favbwaba.ico]
[tansik.digital.gov.eg/application/Certificates/Thanwy/Dalel/style.css]
[tansik.digital.gov.eg/application/Certificates/Thanwy/Dalel/Images/Style.css]
[tansik.digital.gov.eg/application/Certificates/Thanwy/Dalel/Images/space.gif]
[tansik.digital.gov.eg/application/Certificates/Thanwy/Dalel/q1.pdf]
[tansik.digital.gov.eg/application/Certificates/Thanwy/Dalel/q2.pdf]
[tansik.digital.gov.eg/application/Certificates/Thanwy/Dalel/q3.pdf]
[tansik.digital.gov.eg/application/Certificates/Thanwy/Dalel/q4.pdf]
[tansik.digital.gov.eg/application/Certificates/Thanwy/Dalel/q5.pdf]
[tansik.digital.gov.eg/application/Certificates/Thanwy/Dalel/q6.pdf]
[tansik.digital.gov.eg/application/Certificates/Thanwy/Dalel/q7.pdf]
[tansik.digital.gov.eg/application/Certificates/Thanwy/Dalel/Index3.html]
[tansik.digital.gov.eg/application/Certificates/Thanwy/Dalel/Page2.pdf]
[tansik.digital.gov.eg/application/Certificates/Thanwy/Dalel/Page5.pdf]
[tansik.digital.gov.eg/application/Certificates/Thanwy/Dalel/Page6.pdf]
[tansik.digital.gov.eg/application/Certificates/Thanwy/Dalel/Page7.pdf]
[tansik.digital.gov.eg/application/Certificates/Thanwy/Dalel/Page20.pdf]
[tansik.digital.gov.eg/application/Certificates/Thanwy/Dalel/Page10.pdf]
[tansik.digital.gov.eg/application/Certificates/Thanwy/Dalel/Page13.pdf]
[tansik.digital.gov.eg/application/Certificates/Thanwy/Dalel/Page21.pdf]
[tansik.digital.gov.eg/application/Certificates/Thanwy/Dalel/Page22.pdf]
[tansik.digital.gov.eg/application/Certificates/Thanwy/Dalel/Page25.pdf]
[tansik.digital.gov.eg/application/Certificates/Thanwy/Dalel/Page32.pdf]
[tansik.digital.gov.eg/application/Certificates/Thanwy/Dalel/Page45.pdf]
[tansik.digital.gov.eg/application/Certificates/Thanwy/Dalel/Page49.pdf]
[tansik.digital.gov.eg/application/Certificates/Thanwy/Dalel/Page50.pdf]
[tansik.digital.gov.eg/application/Certificates/Thanwy/Dalel/Page53.pdf]
[tansik.digital.gov.eg/application/Certificates/Thanwy/Dalel/Page65.pdf]
[tansik.digital.gov.eg/application/Certificates/Thanwy/Dalel/Page66.pdf]
[tansik.digital.gov.eg/application/Certificates/Thanwy/Dalel/Page68.pdf]
[tansik.digital.gov.eg/application/Certificates/Thanwy/Dalel/index1.html]
[tansik.digital.gov.eg/application/Certificates/Thanwy/Dalel/Pages/m10.pdf]
[tansik.digital.gov.eg/application/Certificates/Thanwy/Dalel/Pages/m11.pdf]
[tansik.digital.gov.eg/application/Certificates/Thanwy/Dalel/Pages/m12.pdf]
[tansik.digital.gov.eg/application/Certificates/Thanwy/Dalel/Pages/m13.pdf]
[tansik.digital.gov.eg/application/Certificates/Thanwy/Dalel/Pages/m14.pdf]
[tansik.digital.gov.eg/application/Certificates/Thanwy/Dalel/Pages/m15.pdf]
[tansik.digital.gov.eg/application/Certificates/Thanwy/Dalel/Pages/m16.pdf]
[tansik.digital.gov.eg/application/Certificates/Thanwy/Dalel/Pages/m17.pdf]
[tansik.digital.gov.eg/application/Certificates/Thanwy/Dalel/Pages/m18-19.pdf]
[tansik.digital.gov.eg/application/Certificates/Thanwy/Dalel/Pages/m20.pdf]
[tansik.digital.gov.eg/application/Certificates/Thanwy/Dalel/Pages/m21.pdf]
[tansik.digital.gov.eg/application/Certificates/Thanwy/Dalel/Pages/m22.pdf]
[tansik.digital.gov.eg/application/Certificates/Thanwy/Dalel/Pages/m23.pdf]
[tansik.digital.gov.eg/application/Certificates/Thanwy/Dalel/Pages/m24.pdf]
[tansik.digital.gov.eg/application/Certificates/Thanwy/Dalel/Pages/m25-26.pdf]
[tansik.digital.gov.eg/application/Certificates/Thanwy/Dalel/Pages/m27-28.pdf]
[tansik.digital.gov.eg/application/Certificates/Thanwy/Dalel/Pages/m29.pdf]
[tansik.digital.gov.eg/application/Certificates/Thanwy/Dalel/Pages/m30.pdf]
[tansik.digital.gov.eg/application/Certificates/Thanwy/Dalel/Pages/m31.pdf]
[tansik.digital.gov.eg/application/Certificates/Thanwy/Dalel/Pages/m32.pdf]
[tansik.digital.gov.eg/application/Certificates/Thanwy/Dalel/Pages/m33-34.pdf]
[tansik.digital.gov.eg/application/Certificates/Thanwy/Dalel/Pages/m35-37.pdf]
[tansik.digital.gov.eg/application/Certificates/Thanwy/Dalel/Pages/m38.pdf]
[tansik.digital.gov.eg/application/Certificates/Thanwy/Dalel/Pages/m39.pdf]
[tansik.digital.gov.eg/application/Certificates/Thanwy/Dalel/Pages/m40.pdf]
[tansik.digital.gov.eg/application/Certificates/Thanwy/Dalel/Pages/m41-42.pdf]
[tansik.digital.gov.eg/application/Certificates/Thanwy/Dalel/Pages/m43.pdf]
[tansik.digital.gov.eg/application/Certificates/Thanwy/Dalel/Pages/m44.pdf]
[tansik.digital.gov.eg/application/Certificates/Thanwy/Dalel/Pages/m45.pdf]
[tansik.digital.gov.eg/application/Certificates/Thanwy/Dalel/Pages/m46.pdf]
[tansik.digital.gov.eg/application/Certificates/Thanwy/Dalel/Pages/m47.pdf]
[tansik.digital.gov.eg/application/Certificates/Thanwy/Dalel/Pages/m48.pdf]
[tansik.digital.gov.eg/application/Certificates/Thanwy/Dalel/Pages/m49.pdf]
[tansik.digital.gov.eg/application/Certificates/Thanwy/Dalel/Pages/m50.pdf]
[tansik.digital.gov.eg/application/Certificates/Thanwy/Dalel/Pages/m51.pdf]
[tansik.digital.gov.eg/application/Certificates/Thanwy/Dalel/Pages/m52.pdf]
[tansik.digital.gov.eg/application/Certificates/Thanwy/Dalel/Pages/m53.pdf]
[tansik.digital.gov.eg/application/Certificates/Thanwy/Dalel/Pages/m54.pdf]
[tansik.digital.gov.eg/application/Certificates/Thanwy/Dalel/Pages/m55.pdf]
[tansik.digital.gov.eg/application/Certificates/Thanwy/Dalel/Pages/m56.pdf]
[tansik.digital.gov.eg/application/Certificates/Thanwy/Dalel/Pages/m57.pdf]
[tansik.digital.gov.eg/application/Certificates/Thanwy/Dalel/Pages/m58.pdf]
[tansik.digital.gov.eg/application/Certificates/Thanwy/Dalel/Pages/m59.pdf]
[tansik.digital.gov.eg/application/Certificates/Thanwy/Dalel/Pages/m60.pdf]
[tansik.digital.gov.eg/application/Certificates/Thanwy/Dalel/Pages/m61.pdf]
[tansik.digital.gov.eg/application/Certificates/Thanwy/Dalel/Pages/m62.pdf]
[tansik.digital.gov.eg/application/Certificates/Thanwy/Dalel/Pages/m63.pdf]
[tansik.digital.gov.eg/application/Certificates/Thanwy/Dalel/Pages/m64.pdf]
[tansik.digital.gov.eg/application/Certificates/Thanwy/Dalel/Pages/m65.pdf]
[tansik.digital.gov.eg/application/Certificates/Thanwy/Dalel/Pages/m66.pdf]
[tansik.digital.gov.eg/application/Certificates/Thanwy/Dalel/Pages/m67.pdf]
[tansik.digital.gov.eg/application/Certificates/Thanwy/Dalel/Pages/m68.pdf]
[tansik.digital.gov.eg/application/Certificates/Thanwy/Dalel/Pages/m69.pdf]
[tansik.digital.gov.eg/application/Certificates/Thanwy/Dalel/Pages/m70.pdf]
[tansik.digital.gov.eg/application/Certificates/Thanwy/Dalel/Pages/m71-72.pdf]
[tansik.digital.gov.eg/application/Certificates/Thanwy/Dalel/Pages/m73-74.pdf]
[tansik.digital.gov.eg/application/Certificates/Thanwy/Dalel/Pages/m75.pdf]
[tansik.digital.gov.eg/application/Certificates/Thanwy/Dalel/Pages/m76.pdf]
[tansik.digital.gov.eg/application/Certificates/Thanwy/Dalel/Pages/m77.pdf]
[tansik.digital.gov.eg/application/Certificates/Thanwy/Dalel/Pages/m78-79.pdf]
[tansik.digital.gov.eg/application/Certificates/Thanwy/Dalel/Pages/m80.pdf]
[tansik.digital.gov.eg/application/Certificates/Thanwy/Dalel/Pages/m81-82.pdf]
[tansik.digital.gov.eg/application/Certificates/Thanwy/Dalel/Pages/m83.pdf]
[tansik.digital.gov.eg/application/Certificates/Thanwy/Dalel/Pages/m84.pdf]
[tansik.digital.gov.eg/application/Certificates/Thanwy/Dalel/Pages/m85.pdf]
[tansik.digital.gov.eg/application/Certificates/Thanwy/Dalel/Pages/m86.pdf]
[tansik.digital.gov.eg/application/Certificates/Thanwy/Dalel/Pages/m87-88.pdf]
[tansik.digital.gov.eg/application/Certificates/Thanwy/Dalel/Pages/m89.pdf]
[tansik.digital.gov.eg/application/Certificates/Thanwy/Dalel/Pages/m90.pdf]
[tansik.digital.gov.eg/application/Certificates/Thanwy/Dalel/Pages/m91.pdf]
[tansik.digital.gov.eg/application/Certificates/Thanwy/Dalel/Pages/m92.pdf]
[tansik.digital.gov.eg/application/Certificates/Thanwy/Dalel/Pages/m93.pdf]
[tansik.digital.gov.eg/application/Certificates/Thanwy/Dalel/Pages/m94.pdf]
[tansik.digital.gov.eg/application/Certificates/Thanwy/Dalel/Pages/m95-96.pdf]
[tansik.digital.gov.eg/application/Certificates/Thanwy/Dalel/Pages/m97-98.pdf]
[tansik.digital.gov.eg/application/Certificates/Thanwy/Dalel/Pages/m99-100.pdf]
[tansik.digital.gov.eg/application/Certificates/Thanwy/Dalel/Pages/m101-102.pdf]
[tansik.digital.gov.eg/application/Certificates/Thanwy/Dalel/Pages/m103-104.pdf]
[tansik.digital.gov.eg/application/Certificates/Thanwy/Dalel/Pages/m105-106.pdf]
[tansik.digital.gov.eg/application/Certificates/Thanwy/Dalel/Pages/m107.pdf]
[tansik.digital.gov.eg/application/Certificates/Thanwy/Dalel/Pages/m108.pdf]
[tansik.digital.gov.eg/application/Certificates/Thanwy/Dalel/Pages/m109.pdf]
[tansik.digital.gov.eg/application/Certificates/Thanwy/Dalel/Pages/m110.pdf]
[tansik.digital.gov.eg/application/Certificates/Thanwy/Dalel/Pages/m111.pdf]
[tansik.digital.gov.eg/application/Certificates/Thanwy/Dalel/Pages/m112.pdf]
[tansik.digital.gov.eg/application/Certificates/Thanwy/Dalel/Pages/m113.pdf]
[tansik.digital.gov.eg/application/Certificates/Thanwy/Dalel/Pages/m114.pdf]
[tansik.digital.gov.eg/application/Certificates/Thanwy/Dalel/Pages/m115-116.pdf]
[tansik.digital.gov.eg/application/Certificates/Thanwy/Dalel/Pages/m117-118.pdf]
[tansik.digital.gov.eg/application/Certificates/Thanwy/Dalel/Pages/m119.pdf]
[tansik.digital.gov.eg/application/Certificates/Thanwy/Dalel/Pages/m120.pdf]
[tansik.digital.gov.eg/application/Certificates/Thanwy/Dalel/Pages/m121.pdf]
[tansik.digital.gov.eg/application/Certificates/Thanwy/Dalel/Pages/m122.pdf]
[tansik.digital.gov.eg/application/Certificates/Thanwy/Dalel/Pages/m123.pdf]
[tansik.digital.gov.eg/application/Certificates/Thanwy/Dalel/Pages/m124.pdf]
[tansik.digital.gov.eg/application/Certificates/Thanwy/Dalel/Pages/m125.pdf]
[tansik.digital.gov.eg/application/Certificates/Thanwy/Dalel/Pages/m126.pdf]
[tansik.digital.gov.eg/application/Certificates/Thanwy/Dalel/Pages/m127.pdf]
[tansik.digital.gov.eg/application/Certificates/Thanwy/Dalel/Pages/m128.pdf]
[tansik.digital.gov.eg/application/Certificates/Thanwy/Dalel/Pages/m129.pdf]
[tansik.digital.gov.eg/application/Certificates/Thanwy/Dalel/Pages/m130.pdf]
[tansik.digital.gov.eg/application/Certificates/Thanwy/Dalel/Pages/m131.pdf]
[tansik.digital.gov.eg/application/Certificates/Thanwy/Dalel/Pages/m132.pdf]
[tansik.digital.gov.eg/application/Certificates/Thanwy/Dalel/Pages/m133.pdf]
[tansik.digital.gov.eg/application/Certificates/Thanwy/Dalel/Pages/m134.pdf]
[tansik.digital.gov.eg/application/Certificates/Thanwy/Dalel/Pages/m135.pdf]
[tansik.digital.gov.eg/application/Certificates/Thanwy/Dalel/Pages/m136.pdf]
[tansik.digital.gov.eg/application/Certificates/Thanwy/Dalel/Pages/m137.pdf]
[tansik.digital.gov.eg/application/Certificates/Thanwy/Dalel/Pages/m138.pdf]
[tansik.digital.gov.eg/application/Certificates/Thanwy/Dalel/Pages/m139.pdf]
[tansik.digital.gov.eg/application/Certificates/Thanwy/Dalel/Pages/m140.pdf]
[tansik.digital.gov.eg/application/Certificates/Thanwy/Dalel/Pages/m141.pdf]
[tansik.digital.gov.eg/application/Certificates/Thanwy/Dalel/Pages/m142.pdf]
[tansik.digital.gov.eg/application/Certificates/Thanwy/Dalel/Pages/m143-144.pdf]
[tansik.digital.gov.eg/application/Certificates/Thanwy/Dalel/Pages/m145.pdf]
[tansik.digital.gov.eg/application/Certificates/Thanwy/Dalel/Pages/m146.pdf]
[tansik.digital.gov.eg/application/Certificates/Thanwy/Dalel/Pages/m147.pdf]
[tansik.digital.gov.eg/application/Certificates/Thanwy/Dalel/Pages/m148.pdf]
[tansik.digital.gov.eg/application/Certificates/Thanwy/Dalel/Pages/m149.pdf]
[tansik.digital.gov.eg/application/Certificates/Thanwy/Dalel/Pages/m150.pdf]
[tansik.digital.gov.eg/application/Certificates/Thanwy/Dalel/Pages/m151.pdf]
[tansik.digital.gov.eg/application/Certificates/Thanwy/Dalel/Pages/m152.pdf]
[tansik.digital.gov.eg/application/Certificates/Thanwy/Dalel/Pages/m153.pdf]
[tansik.digital.gov.eg/application/Certificates/Thanwy/Dalel/Pages/m154.pdf]
[tansik.digital.gov.eg/application/Certificates/Thanwy/Dalel/Pages/m155.pdf]
[tansik.digital.gov.eg/application/Certificates/Thanwy/Dalel/Pages/m156.pdf]
[tansik.digital.gov.eg/application/Certificates/Thanwy/Dalel/Pages/m157.pdf]
[tansik.digital.gov.eg/application/Certificates/Thanwy/Dalel/Pages/m158.pdf]
[tansik.digital.gov.eg/application/Certificates/Thanwy/Dalel/Pages/m159.pdf]
[tansik.digital.gov.eg/application/Certificates/Thanwy/Dalel/Pages/m160.pdf]
[tansik.digital.gov.eg/application/Certificates/Thanwy/Dalel/Pages/m161.pdf]
[tansik.digital.gov.eg/application/Certificates/Thanwy/Dalel/Pages/m162.pdf]
[tansik.digital.gov.eg/application/Certificates/Thanwy/Dalel/Pages/m163.pdf]
[tansik.digital.gov.eg/application/Certificates/Thanwy/Dalel/Pages/m164.pdf]
[tansik.digital.gov.eg/application/Certificates/Thanwy/Dalel/Pages/m165.pdf]
[tansik.digital.gov.eg/application/Certificates/Thanwy/Dalel/Pages/m166.pdf]
[tansik.digital.gov.eg/application/Certificates/Thanwy/Dalel/Pages/m167.pdf]
[tansik.digital.gov.eg/application/Certificates/Thanwy/Dalel/Pages/m168.pdf]
[tansik.digital.gov.eg/application/Certificates/Thanwy/Dalel/Pages/m169.pdf]
[tansik.digital.gov.eg/application/Certificates/Thanwy/Dalel/Pages/m170.pdf]
[tansik.digital.gov.eg/application/Certificates/Thanwy/Dalel/Pages/m171.pdf]
[tansik.digital.gov.eg/application/Certificates/Thanwy/Dalel/Pages/m172.pdf]
[tansik.digital.gov.eg/application/Certificates/Thanwy/Dalel/Pages/m173.pdf]
[tansik.digital.gov.eg/application/Certificates/Thanwy/Dalel/Pages/m174.pdf]
[tansik.digital.gov.eg/application/Certificates/Thanwy/Dalel/Pages/m175.pdf]
[tansik.digital.gov.eg/application/Certificates/Thanwy/Dalel/Pages/m176.pdf]
[tansik.digital.gov.eg/application/Certificates/Thanwy/Dalel/Pages/m177.pdf]
[tansik.digital.gov.eg/application/Certificates/Thanwy/Dalel/Pages/m178.pdf]
[tansik.digital.gov.eg/application/Certificates/Thanwy/Dalel/Pages/m179.pdf]
[tansik.digital.gov.eg/application/Certificates/Thanwy/Dalel/Pages/m180.pdf]
[tansik.digital.gov.eg/application/Certificates/Thanwy/Dalel/Pages/m181.pdf]
[tansik.digital.gov.eg/application/Certificates/Thanwy/Dalel/Pages/m182.pdf]
[tansik.digital.gov.eg/application/Certificates/Thanwy/Dalel/Pages/m183.pdf]
[tansik.digital.gov.eg/application/Certificates/Thanwy/Dalel/Pages/m184.pdf]
[tansik.digital.gov.eg/application/Certificates/Thanwy/Dalel/Pages/m185.pdf]
[tansik.digital.gov.eg/application/Certificates/Thanwy/Dalel/Pages/m186.pdf]
[tansik.digital.gov.eg/application/Certificates/Thanwy/Dalel/Pages/m187.pdf]
[tansik.digital.gov.eg/application/Certificates/Thanwy/Dalel/Pages/m188.pdf]
[tansik.digital.gov.eg/application/Certificates/Thanwy/Dalel/Pages/m189.pdf]
[tansik.digital.gov.eg/application/Certificates/Thanwy/Dalel/Pages/m190.pdf]
[tansik.digital.gov.eg/application/Certificates/Thanwy/Dalel/Pages/m191.pdf]
[tansik.digital.gov.eg/application/Certificates/Thanwy/Dalel/Pages/m192.pdf]
[tansik.digital.gov.eg/application/Certificates/Thanwy/Dalel/Pages/m193.pdf]
[tansik.digital.gov.eg/application/Certificates/Thanwy/Dalel/Pages/m194.pdf]
[tansik.digital.gov.eg/application/Certificates/Thanwy/Dalel/Pages/m195.pdf]
[tansik.digital.gov.eg/application/Certificates/Thanwy/Dalel/Pages/m196.pdf]
[tansik.digital.gov.eg/application/Certificates/Thanwy/Dalel/Pages/m197.pdf]
[tansik.digital.gov.eg/application/Certificates/Thanwy/Dalel/Pages/m198.pdf]
[tansik.digital.gov.eg/application/Certificates/Thanwy/Dalel/Pages/m199.pdf]
[tansik.digital.gov.eg/application/Certificates/Thanwy/Dalel/Pages/m200.pdf]
[tansik.digital.gov.eg/application/Certificates/Thanwy/Dalel/Pages/m201.pdf]
[tansik.digital.gov.eg/application/Certificates/Thanwy/Dalel/Pages/m202.pdf]
[tansik.digital.gov.eg/application/Certificates/Thanwy/Dalel/Pages/m203.pdf]
[tansik.digital.gov.eg/application/Certificates/Thanwy/Dalel/Pages/m204.pdf]
[tansik.digital.gov.eg/application/Certificates/Thanwy/Dalel/Pages/m205.pdf]
[tansik.digital.gov.eg/application/Certificates/Thanwy/Dalel/Pages/m206.pdf]
[tansik.digital.gov.eg/application/Certificates/Thanwy/Dalel/Pages/m207.pdf]
[tansik.digital.gov.eg/application/Certificates/Thanwy/Dalel/Pages/m1285.pdf]
[tansik.digital.gov.eg/application/Certificates/Thanwy/Dalel/Pages/m1286.pdf]
[tansik.digital.gov.eg/application/Certificates/Thanwy/Dalel/index2.html]
[tansik.digital.gov.eg/application/Certificates/Thanwy/LimitA2004.html]
[tansik.digital.gov.eg/application/Certificates/Thanwy/Limits/LimitA2023.html]
[tansik.digital.gov.eg/application/Certificates/Thanwy/Limits/LimitA2022.html]
[tansik.digital.gov.eg/application/Certificates/Thanwy/Limits/LimitA2021.html]
[tansik.digital.gov.eg/application/Certificates/Thanwy/Limits/LimitA2020.html]
[tansik.digital.gov.eg/application/Certificates/Thanwy/Limits/LimitA2019.html]
[tansik.digital.gov.eg/application/Certificates/Thanwy/Limits/LimitA2018.html]
[tansik.digital.gov.eg/application/Certificates/Thanwy/Limits/LimitA2017.html]
[tansik.digital.gov.eg/application/Certificates/Thanwy/Limits/LimitA2016.html]
[tansik.digital.gov.eg/application/Certificates/Thanwy/Limits/LimitAO2016.html]
[tansik.digital.gov.eg/application/Certificates/Thanwy/Limits/LimitA2015.html]
[tansik.digital.gov.eg/application/Certificates/Thanwy/Limits/LimitAO2015.html]
[tansik.digital.gov.eg/application/Certificates/Thanwy/Limits/LimitA2014.html]
[tansik.digital.gov.eg/application/Certificates/Thanwy/Limits/LimitAO2014.html]
[tansik.digital.gov.eg/application/Certificates/Thanwy/Limits/LimitA2013.html]
[tansik.digital.gov.eg/application/Certificates/Thanwy/Limits/LimitA2012.html]
[tansik.digital.gov.eg/application/Certificates/Thanwy/Limits/LimitA2011.html]
[tansik.digital.gov.eg/application/Certificates/Thanwy/Limits/LimitE2023.html]
[tansik.digital.gov.eg/application/Certificates/Thanwy/Limits/LimitE2022.html]
[tansik.digital.gov.eg/application/Certificates/Thanwy/Limits/LimitE2021.html]
[tansik.digital.gov.eg/application/Certificates/Thanwy/Limits/LimitE2020.html]
[tansik.digital.gov.eg/application/Certificates/Thanwy/Limits/images/facebook.png]
[tansik.digital.gov.eg/application/Certificates/Thanwy/Limits/images/twitter.png]
[tansik.digital.gov.eg/application/Certificates/Thanwy/Limits/images/youtube.png]
[tansik.digital.gov.eg/application/Certificates/Thanwy/Limits/images/blogsAr.gif]
[tansik.digital.gov.eg/application/Certificates/Thanwy/Limits/LimitE2019.html]
[tansik.digital.gov.eg/application/Certificates/Thanwy/Limits/LimitE2018.html]
[tansik.digital.gov.eg/application/Certificates/Thanwy/Limits/LimitE2017.html]
[tansik.digital.gov.eg/application/Certificates/Thanwy/Limits/LimitE2016.html]
[tansik.digital.gov.eg/application/Certificates/Thanwy/Limits/LimitEO2016.html]
[tansik.digital.gov.eg/application/Certificates/Thanwy/Limits/LimitE2015.html]
[tansik.digital.gov.eg/application/Certificates/Thanwy/Limits/LimitEO2015.html]
[tansik.digital.gov.eg/application/Certificates/Thanwy/Limits/LimitE2014.html]
[tansik.digital.gov.eg/application/Certificates/Thanwy/Limits/LimitEO2014.html]
[tansik.digital.gov.eg/application/Certificates/Thanwy/Limits/LimitE2013.html]
[tansik.digital.gov.eg/application/Certificates/Thanwy/Limits/LimitE2012.html]
[tansik.digital.gov.eg/application/Certificates/Thanwy/Limits/LimitE2011.html]
[tansik.digital.gov.eg/application/Certificates/Azhar/Images/Style.css]
[tansik.digital.gov.eg/application/Certificates/Azhar/images/backgroundAr.jpg]
[tansik.digital.gov.eg/application/Certificates/Azhar/images/gray.jpg]
[tansik.digital.gov.eg/application/Certificates/Azhar/images/hovrmenu.png]
[tansik.digital.gov.eg/application/Certificates/Azhar/style.css]
[tansik.digital.gov.eg/application/main6551.html]
[tansik.digital.gov.eg/application/Certificates/Azhar/AzharPlaces.html]
[tansik.digital.gov.eg/application/Certificates/Azhar/Dalel/steps_files/filelist.xml]
[tansik.digital.gov.eg/application/Certificates/Azhar/Dalel/steps_files/image002.jpg]
[tansik.digital.gov.eg/application/Certificates/Azhar/Dalel/steps_files/image004.jpg]
[tansik.digital.gov.eg/application/Certificates/Azhar/Dalel/steps_files/image006.jpg]
[tansik.digital.gov.eg/application/Certificates/Azhar/Dalel/steps_files/image008.jpg]
[tansik.digital.gov.eg/application/Certificates/Azhar/Dalel/steps_files/image010.jpg]
[tansik.digital.gov.eg/application/Certificates/Azhar/Dalel/steps_files/image011.jpg]
[tansik.digital.gov.eg/application/Certificates/Azhar/Dalel/steps_files/image013.jpg]
[tansik.digital.gov.eg/application/Certificates/Azhar/Dalel/steps_files/image014.jpg]
[tansik.digital.gov.eg/application/Certificates/Azhar/Dalel/steps.html]
[tansik.digital.gov.eg/application/Certificates/Azhar/Dalel/Dalelb/images/favbwaba.ico]
[tansik.digital.gov.eg/application/Certificates/Azhar/Dalel/Dalelb/Images/Style.css]
[tansik.digital.gov.eg/application/Certificates/Azhar/Dalel/Dalelb/style.css]
[tansik.digital.gov.eg/application/Certificates/Azhar/Dalel/Dalelb/Images/space.gif]
[tansik.digital.gov.eg/application/Certificates/Azhar/Dalel/Dalelb/Index1.html]
[tansik.digital.gov.eg/application/Certificates/Azhar/Dalel/Dalelg/images/favbwaba.ico]
[tansik.digital.gov.eg/application/Certificates/Azhar/Dalel/Dalelg/Images/space.gif]
[tansik.digital.gov.eg/application/Certificates/Azhar/Dalel/Dalelg/Index1.html]
[tansik.digital.gov.eg/application/Certificates/Azhar/Limits/LimitsAB2024.html]
[tansik.digital.gov.eg/application/Certificates/Azhar/Limits/LimitsEB2024.html]
[tansik.digital.gov.eg/application/Certificates/Azhar/Limits/LimitsAG2024.html]
[tansik.digital.gov.eg/application/Certificates/Azhar/Limits/LimitsEG2024.html]
[tansik.digital.gov.eg/application/Certificates/Azhar/Limits/LimitAB2023.html]
[tansik.digital.gov.eg/application/Certificates/Azhar/Limits/LimitEB2023.html]
[tansik.digital.gov.eg/application/Certificates/Azhar/Limits/limitIslamic2023.html]
[tansik.digital.gov.eg/application/Certificates/Azhar/Limits/LimitAG2023.html]
[tansik.digital.gov.eg/application/Certificates/Azhar/Limits/LimitEG2023.html]
[tansik.digital.gov.eg/application/Certificates/Azhar/LimitA2004.html]
[tansik.digital.gov.eg/application/Certificates/Azhar/Limits/images/favbwaba.ico]
[tansik.digital.gov.eg/application/Certificates/Azhar/Limits/images/img_bullet.gif]
[tansik.digital.gov.eg/application/Certificates/Azhar/Limits/LimitAB2017.html]
[tansik.digital.gov.eg/application/Certificates/Azhar/Limits/LimitEB2017.html]
[tansik.digital.gov.eg/application/Certificates/Azhar/Limits/LimitE2017.html]
[tansik.digital.gov.eg/application/Certificates/Azhar/Limits/LimitAG2017.html]
[tansik.digital.gov.eg/application/Certificates/Azhar/Limits/LimitEG2017.html]
[tansik.digital.gov.eg/application/Certificates/Fani/Images/Style.css]
[tansik.digital.gov.eg/application/Certificates/Fani/images/backgroundAr.jpg]
[tansik.digital.gov.eg/application/Certificates/Fani/images/gray.jpg]
[tansik.digital.gov.eg/application/Certificates/Fani/images/hovrmenu.png]
[tansik.digital.gov.eg/application/Certificates/Fani/style.css]
[tansik.digital.gov.eg/application/mainf2cf.html]
[tansik.digital.gov.eg/application/Certificates/Fani/Dalel/images/favbwaba.ico]
[tansik.digital.gov.eg/application/Certificates/Fani/Dalel/style.css]
[tansik.digital.gov.eg/application/Certificates/Fani/Dalel/Images/Style.css]
[tansik.digital.gov.eg/application/Certificates/Fani/Dalel/Index1.html]
[tansik.digital.gov.eg/application/Certificates/Fani/Limits/2024/2.html]
[tansik.digital.gov.eg/application/Certificates/Fani/Limits/2024/1.html]
[tansik.digital.gov.eg/application/Certificates/Fani/Limits/2024/4.html]
[tansik.digital.gov.eg/application/Certificates/Fani/Limits/2024/3.html]
[tansik.digital.gov.eg/application/Certificates/Fani/Limits/2024/6.html]
[tansik.digital.gov.eg/application/Certificates/Fani/Limits/2024/5.html]
[tansik.digital.gov.eg/application/Certificates/Fani/Limits/2024/7.html]
[tansik.digital.gov.eg/application/Certificates/Fani/Limits/2024/9.html]
[tansik.digital.gov.eg/application/Certificates/Fani/Limits/2023/images/favbwaba.ico]
[tansik.digital.gov.eg/application/Certificates/Fani/Limits/2023/style.css]
[tansik.digital.gov.eg/application/Certificates/Fani/Limits/2023/Images/Style.css]
[tansik.digital.gov.eg/application/Certificates/Fani/Limits/2023/Images/img_bullet.gif]
[tansik.digital.gov.eg/application/Certificates/Fani/Limits/2023/images/facebook.png]
[tansik.digital.gov.eg/application/Certificates/Fani/Limits/2023/images/twitter.png]
[tansik.digital.gov.eg/application/Certificates/Fani/Limits/2023/images/youtube.png]
[tansik.digital.gov.eg/application/Certificates/Fani/Limits/2023/images/blogsAr.gif]
[tansik.digital.gov.eg/application/Certificates/Fani/Limits/2023/2.html]
[tansik.digital.gov.eg/application/Certificates/Fani/Limits/2023/1.html]
[tansik.digital.gov.eg/application/Certificates/Fani/Limits/2023/4.html]
[tansik.digital.gov.eg/application/Certificates/Fani/Limits/2023/3.html]
[tansik.digital.gov.eg/application/Certificates/Fani/Limits/2023/6.html]
[tansik.digital.gov.eg/application/Certificates/Fani/Limits/2023/5.html]
[tansik.digital.gov.eg/application/Certificates/Fani/Limits/2023/7.html]
[tansik.digital.gov.eg/application/Certificates/Fani/Limits/2023/9.html]
[tansik.digital.gov.eg/application/Certificates/Fani/Limits/2022/images/favbwaba.ico]
[tansik.digital.gov.eg/application/Certificates/Fani/Limits/2022/Images/img_bullet.gif]
[tansik.digital.gov.eg/application/Certificates/Fani/Limits/2022/images/facebook.png]
[tansik.digital.gov.eg/application/Certificates/Fani/Limits/2022/images/twitter.png]
[tansik.digital.gov.eg/application/Certificates/Fani/Limits/2022/images/youtube.png]
[tansik.digital.gov.eg/application/Certificates/Fani/Limits/2022/images/blogsAr.gif]
[tansik.digital.gov.eg/application/Certificates/Fani/Limits/2022/2.html]
[tansik.digital.gov.eg/application/Certificates/Fani/Limits/2022/1.html]
[tansik.digital.gov.eg/application/Certificates/Fani/Limits/2022/4.html]
[tansik.digital.gov.eg/application/Certificates/Fani/Limits/2022/3.html]
[tansik.digital.gov.eg/application/Certificates/Fani/Limits/2022/6.html]
[tansik.digital.gov.eg/application/Certificates/Fani/Limits/2022/5.html]
[tansik.digital.gov.eg/application/Certificates/Fani/Limits/2022/7.html]
[tansik.digital.gov.eg/application/Certificates/Fani/Limits/2022/9.html]
[tansik.digital.gov.eg/application/Certificates/Fani/Limits/2021/images/favbwaba.ico]
[tansik.digital.gov.eg/application/Certificates/Fani/Limits/2021/Images/img_bullet.gif]
[tansik.digital.gov.eg/application/Certificates/Fani/Limits/2021/images/facebook.png]
[tansik.digital.gov.eg/application/Certificates/Fani/Limits/2021/images/twitter.png]
[tansik.digital.gov.eg/application/Certificates/Fani/Limits/2021/images/youtube.png]
[tansik.digital.gov.eg/application/Certificates/Fani/Limits/2021/images/blogsAr.gif]
[tansik.digital.gov.eg/application/Certificates/Fani/Limits/2021/2.html]
[tansik.digital.gov.eg/application/Certificates/Fani/Limits/2021/1.html]
[tansik.digital.gov.eg/application/Certificates/Fani/Limits/2021/4.html]
[tansik.digital.gov.eg/application/Certificates/Fani/Limits/2021/3.html]
[tansik.digital.gov.eg/application/Certificates/Fani/Limits/2021/6.html]
[tansik.digital.gov.eg/application/Certificates/Fani/Limits/2021/5.html]
[tansik.digital.gov.eg/application/Certificates/Fani/Limits/2021/7.html]
[tansik.digital.gov.eg/application/Certificates/Fani/Limits/2021/9.html]
[tansik.digital.gov.eg/application/Certificates/Fani/Limits/2020/images/favbwaba.ico]
[tansik.digital.gov.eg/application/Certificates/Fani/Limits/2020/Images/img_bullet.gif]
[tansik.digital.gov.eg/application/Certificates/Fani/Limits/2020/images/facebook.png]
[tansik.digital.gov.eg/application/Certificates/Fani/Limits/2020/images/twitter.png]
[tansik.digital.gov.eg/application/Certificates/Fani/Limits/2020/images/youtube.png]
[tansik.digital.gov.eg/application/Certificates/Fani/Limits/2020/images/blogsAr.gif]
[tansik.digital.gov.eg/application/Certificates/Fani/Limits/2020/2.html]
[tansik.digital.gov.eg/application/Certificates/Fani/Limits/2020/1.html]
[tansik.digital.gov.eg/application/Certificates/Fani/Limits/2020/4.html]
[tansik.digital.gov.eg/application/Certificates/Fani/Limits/2020/3.html]
[tansik.digital.gov.eg/application/Certificates/Fani/Limits/2020/6.html]
[tansik.digital.gov.eg/application/Certificates/Fani/Limits/2020/5.html]
[tansik.digital.gov.eg/application/Certificates/Fani/Limits/2020/7.html]
[tansik.digital.gov.eg/application/Certificates/Fani/Limits/2020/9.html]
[tansik.digital.gov.eg/application/Certificates/Fani/Limits/2019/images/favbwaba.ico]
[tansik.digital.gov.eg/application/Certificates/Fani/Limits/2019/Images/img_bullet.gif]
[tansik.digital.gov.eg/application/Certificates/Fani/Limits/2019/images/facebook.png]
[tansik.digital.gov.eg/application/Certificates/Fani/Limits/2019/images/twitter.png]
[tansik.digital.gov.eg/application/Certificates/Fani/Limits/2019/images/youtube.png]
[tansik.digital.gov.eg/application/Certificates/Fani/Limits/2019/images/blogsAr.gif]
[tansik.digital.gov.eg/application/Certificates/Fani/Limits/2019/2.html]
[tansik.digital.gov.eg/application/Certificates/Fani/Limits/2019/1.html]
[tansik.digital.gov.eg/application/Certificates/Fani/Limits/2019/4.html]
[tansik.digital.gov.eg/application/Certificates/Fani/Limits/2019/3.html]
[tansik.digital.gov.eg/application/Certificates/Fani/Limits/2019/6.html]
[tansik.digital.gov.eg/application/Certificates/Fani/Limits/2019/5.html]
[tansik.digital.gov.eg/application/Certificates/Fani/Limits/2019/7.html]
[tansik.digital.gov.eg/application/Certificates/Fani/Limits/2019/9.html]
[tansik.digital.gov.eg/application/Certificates/Fani/Limits/2018/images/favbwaba.ico]
[tansik.digital.gov.eg/application/Certificates/Fani/Limits/2018/Images/img_bullet.gif]
[tansik.digital.gov.eg/application/Certificates/Fani/Limits/2018/images/facebook.png]
[tansik.digital.gov.eg/application/Certificates/Fani/Limits/2018/images/twitter.png]
[tansik.digital.gov.eg/application/Certificates/Fani/Limits/2018/images/youtube.png]
[tansik.digital.gov.eg/application/Certificates/Fani/Limits/2018/images/blogsAr.gif]
[tansik.digital.gov.eg/application/Certificates/Fani/Limits/2018/2.html]
[tansik.digital.gov.eg/application/Certificates/Fani/Limits/2018/1.html]
[tansik.digital.gov.eg/application/Certificates/Fani/Limits/2018/4.html]
[tansik.digital.gov.eg/application/Certificates/Fani/Limits/2018/3.html]
[tansik.digital.gov.eg/application/Certificates/Fani/Limits/2018/6.html]
[tansik.digital.gov.eg/application/Certificates/Fani/Limits/2018/5.html]
[tansik.digital.gov.eg/application/Certificates/Fani/Limits/2018/7.html]
[tansik.digital.gov.eg/application/Certificates/Fani/Limits/2018/9.html]
[tansik.digital.gov.eg/application/Certificates/Fani/Limits/Limits2017/images/favbwaba.ico]
[tansik.digital.gov.eg/application/Certificates/Fani/Limits/Limits2017/Images/img_bullet.gif]
[tansik.digital.gov.eg/application/Certificates/Fani/Limits/Limits2017/S52017.html]
[tansik.digital.gov.eg/application/Certificates/Fani/Limits/Limits2017/S32017.html]
[tansik.digital.gov.eg/application/Certificates/Fani/Limits/Limits2017/T52017.html]
[tansik.digital.gov.eg/application/Certificates/Fani/Limits/Limits2017/T32017.html]
[tansik.digital.gov.eg/application/Certificates/Fani/Limits/Limits2017/Z52017.html]
[tansik.digital.gov.eg/application/Certificates/Fani/Limits/Limits2017/Z32017.html]
[tansik.digital.gov.eg/application/Certificates/Fani/Limits/Limits2017/M2017.html]
[tansik.digital.gov.eg/application/Certificates/Fani/Limits/Limits2017/M22017.html]
[tansik.digital.gov.eg/application/Certificates/Fani/Limits/Limits2016/images/favbwaba.ico]
[tansik.digital.gov.eg/application/Certificates/Fani/Limits/Limits2016/Images/img_bullet.gif]
[tansik.digital.gov.eg/application/Certificates/Fani/Limits/Limits2016/S52016.html]
[tansik.digital.gov.eg/application/Certificates/Fani/Limits/Limits2016/S32016.html]
[tansik.digital.gov.eg/application/Certificates/Fani/Limits/Limits2016/T52016.html]
[tansik.digital.gov.eg/application/Certificates/Fani/Limits/Limits2016/T32016.html]
[tansik.digital.gov.eg/application/Certificates/Fani/Limits/Limits2016/Z52016.html]
[tansik.digital.gov.eg/application/Certificates/Fani/Limits/Limits2016/Z32016.html]
[tansik.digital.gov.eg/application/Certificates/Fani/Limits/Limits2016/M2016.html]
[tansik.digital.gov.eg/application/Certificates/Fani/Limits/Limits2016/M22016.html]
[tansik.digital.gov.eg/application/Certificates/Fani/Limits/Limits2015/images/favbwaba.ico]
[tansik.digital.gov.eg/application/Certificates/Fani/Limits/Limits2015/Images/img_bullet.gif]
[tansik.digital.gov.eg/application/Certificates/Fani/Limits/Limits2015/S52015.html]
[tansik.digital.gov.eg/application/Certificates/Fani/Limits/Limits2015/S32015.html]
[tansik.digital.gov.eg/application/Certificates/Fani/Limits/Limits2015/T52015.html]
[tansik.digital.gov.eg/application/Certificates/Fani/Limits/Limits2015/T32015.html]
[tansik.digital.gov.eg/application/Certificates/Fani/Limits/Limits2015/Z52015.html]
[tansik.digital.gov.eg/application/Certificates/Fani/Limits/Limits2015/Z32015.html]
[tansik.digital.gov.eg/application/Certificates/Fani/Limits/Limits2015/M2015.html]
[tansik.digital.gov.eg/application/Certificates/Fani/Limits/Limits2015/M22015.html]
[tansik.digital.gov.eg/application/Certificates/Fani/Limits/Limits2014/images/favbwaba.ico]
[tansik.digital.gov.eg/application/Certificates/Fani/Limits/Limits2014/Images/img_bullet.gif]
[tansik.digital.gov.eg/application/Certificates/Fani/Limits/Limits2014/S52014.html]
[tansik.digital.gov.eg/application/Certificates/Fani/Limits/Limits2014/S32014.html]
[tansik.digital.gov.eg/application/Certificates/Fani/Limits/Limits2014/T52014.html]
[tansik.digital.gov.eg/application/Certificates/Fani/Limits/Limits2014/T32014.html]
[tansik.digital.gov.eg/application/Certificates/Fani/Limits/Limits2014/Z52014.html]
[tansik.digital.gov.eg/application/Certificates/Fani/Limits/Limits2014/Z32014.html]
[tansik.digital.gov.eg/application/Certificates/Fani/Limits/Limits2014/M2014.html]
[tansik.digital.gov.eg/application/Certificates/Fani/Limits/Limits2013/images/favbwaba.ico]
[tansik.digital.gov.eg/application/Certificates/Fani/Limits/Limits2013/Images/img_bullet.gif]
[tansik.digital.gov.eg/application/Certificates/Fani/Limits/Limits2013/S52013.html]
[tansik.digital.gov.eg/application/Certificates/Fani/Limits/Limits2013/S32013.html]
[tansik.digital.gov.eg/application/Certificates/Fani/Limits/Limits2013/T52013.html]
[tansik.digital.gov.eg/application/Certificates/Fani/Limits/Limits2013/T32013.html]
[tansik.digital.gov.eg/application/Certificates/Fani/Limits/Limits2013/Z52013.html]
[tansik.digital.gov.eg/application/Certificates/Fani/Limits/Limits2013/Z32013.html]
[tansik.digital.gov.eg/application/Certificates/Fani/Limits/Limits2013/M2013.html]
[tansik.digital.gov.eg/application/Certificates/Mo3adla/Images/Style.css]
[tansik.digital.gov.eg/application/Certificates/Mo3adla/images/backgroundAr.jpg]
[tansik.digital.gov.eg/application/Certificates/Mo3adla/images/gray.jpg]
[tansik.digital.gov.eg/application/Certificates/Mo3adla/images/hovrmenu.png]
[tansik.digital.gov.eg/application/Certificates/Mo3adla/style.css]
[tansik.digital.gov.eg/application/Certificates/Mo3adla/DefaultAFtansik.html]
[tansik.digital.gov.eg/application/Certificates/Mo3adla/DefaultFFtansik.html]
[tansik.digital.gov.eg/application/Certificates/Stem/Images/Style.css]
[tansik.digital.gov.eg/application/Certificates/Stem/images/backgroundAr.jpg]
[tansik.digital.gov.eg/application/Certificates/Stem/images/gray.jpg]
[tansik.digital.gov.eg/application/Certificates/Stem/images/hovrmenu.png]
[tansik.digital.gov.eg/application/Certificates/Stem/style.css]
[tansik.digital.gov.eg/application/main38f9.html]
[tansik.digital.gov.eg/application/Certificates/Stem/limits/images/favbwaba.ico]
[tansik.digital.gov.eg/application/Certificates/Stem/limits/Images/space.gif]
[tansik.digital.gov.eg/application/Certificates/Stem/limits/theme/img_bullet.gif]
[tansik.digital.gov.eg/application/Certificates/Stem/limits/theme/top_bar_bg.gif]
[tansik.digital.gov.eg/application/Certificates/Stem/limits/2023.html]
[tansik.digital.gov.eg/application/Certificates/Nile/Images/Style.css]
[tansik.digital.gov.eg/application/Certificates/Nile/style.css]
[tansik.digital.gov.eg/application/Certificates/Nile/limits/2023.html]
[tansik.digital.gov.eg/application/Certificates/TAzhar/Images/Style.css]
[tansik.digital.gov.eg/application/Certificates/TAzhar/style.css]
[tansik.digital.gov.eg/application/maind09d.html]
[tansik.digital.gov.eg/application/Certificates/TAzhar/Dalel/Index.html]
[tansik.digital.gov.eg/application/Certificates/TAzhar/Limits/Limits2023/LimitE2023.html]
[tansik.digital.gov.eg/application/Certificates/TAzhar/Limits/Limits2023/LimitA2023.html]
[tansik.digital.gov.eg/application/Certificates/TAzhar/Limits/Limits2018/LimitE2018.html]
[tansik.digital.gov.eg/application/Certificates/TAzhar/Limits/Limits2018/LimitA2018.html]
[tansik.digital.gov.eg/application/Certificates/TAzhar/Limits/Limits2017/LimitE2017.html]
[tansik.digital.gov.eg/application/Certificates/TAzhar/Limits/Limits2017/LimitA2017.html]
[tansik.digital.gov.eg/application/Certificates/TAzhar/Limits/Limits2016/LimitE2016.html]
[tansik.digital.gov.eg/application/Certificates/TAzhar/Limits/Limits2016/LimitA2016.html]
[tansik.digital.gov.eg/application/Certificates/TAzhar/Limits/Limits2015/LimitE2015.html]
[tansik.digital.gov.eg/application/Certificates/TAzhar/Limits/Limits2015/LimitA2015.html]
[tansik.digital.gov.eg/application/Certificates/TAzhar/Limits/Limits2014/LimitE2014.html]
[tansik.digital.gov.eg/application/Certificates/TAzhar/Limits/Limits2014/LimitA2014.html]
[tansik.digital.gov.eg/Application/UniversitiesLabs-2.html]
[tansik.digital.gov.eg/application/UniversitiesLabsstyle.css]
[tansik.digital.gov.eg/application/Certificates/Thanwy/images/bg_abouttitl.html]
[tansik.digital.gov.eg/application/Certificates/Thanwy/engine1/wowslider.html]
[tansik.digital.gov.eg/application/Certificates/Thanwy/engine1/script.html]
[tansik.digital.gov.eg/application/Blank.html]
[tansik.digital.gov.eg/application/title.html]
[tansik.digital.gov.eg/application/checklist.html]
[tansik.digital.gov.eg/application/Certificates/Thanwy/Limits/style.css]
[tansik.digital.gov.eg/application/Certificates/Thanwy/Limits/Images/Style.css]
[tansik.digital.gov.eg/application/Certificates/Thanwy/Limits/engine1/wowslider.html]
[tansik.digital.gov.eg/application/Certificates/Thanwy/Limits/engine1/script.html]
[tansik.digital.gov.eg/application/Certificates/Thanwy/first/style.css]
[tansik.digital.gov.eg/application/Certificates/Thanwy/first/Images/Style.css]
[tansik.digital.gov.eg/application/Certificates/Thanwy/first/Images/space.html]
[tansik.digital.gov.eg/application/Certificates/Thanwy/first/engine1/wowslider.html]
[tansik.digital.gov.eg/application/Certificates/Thanwy/first/engine1/script.html]
[tansik.digital.gov.eg/application/Certificates/Thanwy/Dalel/style.css]
[tansik.digital.gov.eg/application/Certificates/Thanwy/Dalel/Images/Style.css]
[tansik.digital.gov.eg/application/Certificates/Thanwy/Dalel/engine1/wowslider.html]
[tansik.digital.gov.eg/application/Certificates/Thanwy/Dalel/engine1/script.html]
[tansik.digital.gov.eg/application/default.html]
[tansik.digital.gov.eg/application/Certificates/Azhar/images/footerBg.html]
[tansik.digital.gov.eg/application/Certificates/Azhar/images/bg_abouttitl.html]
[tansik.digital.gov.eg/application/Certificates/Azhar/azharPlaces_files/filelist.html]
[tansik.digital.gov.eg/application/Certificates/Azhar/azharPlaces_files/themedata.html]
[tansik.digital.gov.eg/application/Certificates/Azhar/azharPlaces_files/colorschememapping.html]
[tansik.digital.gov.eg/application/Certificates/Azhar/Dalel/Dalelb/Images/Style.css]
[tansik.digital.gov.eg/application/Certificates/Azhar/Dalel/Dalelb/style.css]
[tansik.digital.gov.eg/application/Certificates/Azhar/Dalel/Dalelb/boys1.html]
[tansik.digital.gov.eg/application/Certificates/Azhar/Dalel/Dalelb/boys2.html]
[tansik.digital.gov.eg/application/Certificates/Azhar/Dalel/Dalelb/boys4.html]
[tansik.digital.gov.eg/application/Certificates/Azhar/Dalel/Dalelb/1.html]
[tansik.digital.gov.eg/application/Certificates/Azhar/Dalel/Dalelb/boys5.html]
[tansik.digital.gov.eg/application/Certificates/Azhar/Dalel/Dalelb/Intro.html]
[tansik.digital.gov.eg/application/Certificates/Azhar/Dalel/Dalelb/boys6.html]
[tansik.digital.gov.eg/application/Certificates/Azhar/Dalel/Dalelb/boys7.html]
[tansik.digital.gov.eg/application/Certificates/Azhar/Dalel/Dalelb/boys8.html]
[tansik.digital.gov.eg/application/Certificates/Azhar/Dalel/Dalelb/boys9.html]
[tansik.digital.gov.eg/application/Certificates/Azhar/Dalel/Dalelb/boys11.html]
[tansik.digital.gov.eg/application/Certificates/Azhar/Dalel/Dalelb/boys12.html]
[tansik.digital.gov.eg/application/Certificates/Azhar/Dalel/Dalelb/boys13.html]
[tansik.digital.gov.eg/application/Certificates/Azhar/Dalel/Dalelb/boys14.html]
[tansik.digital.gov.eg/application/Certificates/Azhar/Dalel/Dalelg/Images/Style.css]
[tansik.digital.gov.eg/application/Certificates/Azhar/Dalel/Dalelg/style.css]
[tansik.digital.gov.eg/application/Certificates/Azhar/Dalel/Dalelg/girls1.html]
[tansik.digital.gov.eg/application/Certificates/Azhar/Dalel/Dalelg/girls2.html]
[tansik.digital.gov.eg/application/Certificates/Azhar/Dalel/Dalelg/girls4.html]
[tansik.digital.gov.eg/application/Certificates/Azhar/Dalel/Dalelg/1.html]
[tansik.digital.gov.eg/application/Certificates/Azhar/Dalel/Dalelg/girls5.html]
[tansik.digital.gov.eg/application/Certificates/Azhar/Dalel/Dalelg/Intro.html]
[tansik.digital.gov.eg/application/Certificates/Azhar/Dalel/Dalelg/girls6.html]
[tansik.digital.gov.eg/application/Certificates/Azhar/Dalel/Dalelg/girls7.html]
[tansik.digital.gov.eg/application/Certificates/Azhar/Dalel/Dalelg/girls8.html]
[tansik.digital.gov.eg/application/Certificates/Azhar/Dalel/Dalelg/girls9.html]
[tansik.digital.gov.eg/application/Certificates/Azhar/Dalel/Dalelg/girls10.html]
[tansik.digital.gov.eg/application/Certificates/Azhar/Dalel/Dalelg/girls11.html]
[tansik.digital.gov.eg/application/Certificates/Azhar/Dalel/Dalelg/girls12.html]
[tansik.digital.gov.eg/application/Certificates/Azhar/Limits/Images/Style.css]
[tansik.digital.gov.eg/application/Certificates/Azhar/Limits/style.css]
[tansik.digital.gov.eg/application/Certificates/Azhar/Limits/default.html]
[tansik.digital.gov.eg/application/Certificates/Azhar/Limits/images/top_bar_bg.html]
[tansik.digital.gov.eg/application/Certificates/Fani/images/bg_abouttitl.html]
[tansik.digital.gov.eg/application/Certificates/Fani/Dalel/style.css]
[tansik.digital.gov.eg/application/Certificates/Fani/Dalel/Images/Style.css]
[tansik.digital.gov.eg/application/Certificates/Fani/Dalel/Intro.html]
[tansik.digital.gov.eg/application/Certificates/Fani/Dalel/1.html]
[tansik.digital.gov.eg/application/MTransfer.html]
[tansik.digital.gov.eg/application/Certificates/Fani/Dalel/2.html]
